// Jest Snapshot v1, https://goo.gl/fbAQLP

exports[`::BlendIdPage renders correctly 1`] = `
<div>
  <div
    class="w-full h-auto min-h-full overflow-x-hidden m-auto ml-0 z-10 transition transform duration-200"
    id="BlendPage"
  >
    <div
      class="flex justify-center m-auto"
    >
      <img
        alt="Loading"
        class="w-8 h-8 m-auto animate-spin duration-1000"
        data-testid="loading-spinner"
        src="/Loader.svg"
      />
    </div>
  </div>
</div>
`;

exports[`::BlendIdPage renders correctly 2`] = `<div />`;
